// Jest Snapshot v1, https://goo.gl/fbAQLP

exports[`Renders correctly 1`] = `
<section>
  <div
    className="header"
  >
    <div
      className="logo"
    />
    <div
      className="signin"
    >
      <div
        className=""
      >
        <a
          className="button"
          onClick={[Function]}
          style={Object {}}
        >
          Log In
        </a>
      </div>
    </div>
  </div>
  <div
    className="layout"
  >
    <div
      className="main-content"
    >
      <div
        className="logo"
      >
        <a
          className=""
          onClick={[Function]}
          style={Object {}}
          title="Home"
        >
          <img
            alt="Logo"
            className="Nopa"
            src="test-file-stub"
          />
        </a>
      </div>
      <h1>
        Your finances, in one place
      </h1>
      <p>
        Track all of your payments by connecting as many bank accounts as
        <br />
        you'd like to your Nopa account and get updates on your balance instantly.
      </p>
      <div
        className=""
      >
        <a
          className="button"
          onClick={[Function]}
          style={Object {}}
        >
          Get started
        </a>
      </div>
    </div>
    <div
      className="secondary-content"
    >
      <div>
        <div>
          <h1>
            There's no such things as "one size fits all" finance.
          </h1>
          <p>
            We were founded to make money simple and fair for everyone: whether you're looking for a loan, or to get better rewards for your investments.
          </p>
        </div>
        <div>
          <img
            alt="Shapes"
            className="shapes"
            src="test-file-stub"
          />
        </div>
      </div>
    </div>
  </div>
  <section
    className="partners"
  >
    <div>
      <span>
        Our partners:
      </span>
    </div>
    <div>
      <div>
        <img
          alt="Airbnb"
          className="Nopa"
          src="test-file-stub"
        />
      </div>
      <div>
        <img
          alt="Metro"
          className="Nopa"
          src="test-file-stub"
        />
      </div>
      <div>
        <img
          alt="Pariti"
          className="Nopa"
          src="test-file-stub"
        />
      </div>
      <div>
        <img
          alt="Unshackled"
          className="Nopa"
          src="test-file-stub"
        />
      </div>
    </div>
  </section>
  <footer
    className="footer"
  >
    <div>
      <p>
        © Nopa Limited 2017 All rights reserved. ‘Nopa’ and the Nopa logo are trade marks of Nopa Limited. Nopa is a member of CIFAS - the UK's leading anti-fraud association, and we are registered with the Office of the Information Commissioner (No. Z879078).
      </p>
      <p>
        Nopa Limited is incorporated in England & Wales (registration number 05197592), with its registered office at 1st Floor, Cottons Centre, Tooley Street, London, SE1 2QG. Nopa Limited is authorised and regulated by the Financial Conduct Authority, and entered on the Financial Services Register under firm registration number 563134.
      </p>
    </div>
  </footer>
</section>
`;
